<html> <style> table, th, td {border:1px solid black;} </style> <head><title>Facture</title></head><body><h1>Invoice</h1><ul><li><b>Client : </b>BigCo</li></ul><table><tr><th>Piece</th><th>Seats sold</th><th>Price</th></tr><tr><td>Hamlet</td><td>55</td><td>$650.00</td></tr><tr><td>As You Like It</td><td>35</td><td>$580.00</td></tr><tr><td>Othello</td><td>40</td><td>$500.00</td></tr><tr><th colspan="2">Total owed : </th><td>$1,730.00</td></tr><tr><th colspan="2">Fidelity points earned : </th><td>47</td></tr></table></body></html>